
pr4.elf:     file format elf32-littleriscv
pr4.elf
architecture: riscv:rv32, flags 0x00000112:
EXEC_P, HAS_SYMS, D_PAGED
start address 0x00000160

Program Header:
    LOAD off    0x00001000 vaddr 0x00000000 paddr 0x00000000 align 2**12
         filesz 0x000001c4 memsz 0x000001c4 flags r-x
    LOAD off    0x00002000 vaddr 0x00010000 paddr 0x00010000 align 2**12
         filesz 0x00000028 memsz 0x00000029 flags rw-

Sections:
Idx Name              Size      VMA       LMA       File off  Algn  Flags
  0 .text             00000084  00000000  00000000  00001000  2**2  CONTENTS, ALLOC, LOAD, READONLY, CODE
  1 .text.mul         00000084  00000084  00000084  00001084  2**2  CONTENTS, ALLOC, LOAD, READONLY, CODE
  2 .text.i_sqrt      00000058  00000108  00000108  00001108  2**2  CONTENTS, ALLOC, LOAD, READONLY, CODE
  3 .text.main        00000064  00000160  00000160  00001160  2**2  CONTENTS, ALLOC, LOAD, READONLY, CODE
  4 .data.U           00000014  00010000  00010000  00002000  2**2  CONTENTS, ALLOC, LOAD, DATA
  5 .data.V           00000014  00010014  00010014  00002014  2**2  CONTENTS, ALLOC, LOAD, DATA
  6 .sbss.mayor_u     00000001  00010028  00010028  00002028  2**0  ALLOC
  7 .riscv.attributes 00000021  00000000  00000000  00002028  2**0  CONTENTS, READONLY
  8 .comment          00000012  00000000  00000000  00002049  2**0  CONTENTS, READONLY
  9 .debug_line       00000235  00000000  00000000  0000205b  2**0  CONTENTS, READONLY, DEBUGGING, OCTETS
 10 .debug_info       00000171  00000000  00000000  00002290  2**0  CONTENTS, READONLY, DEBUGGING, OCTETS
 11 .debug_abbrev     00000100  00000000  00000000  00002401  2**0  CONTENTS, READONLY, DEBUGGING, OCTETS
 12 .debug_aranges    00000050  00000000  00000000  00002508  2**3  CONTENTS, READONLY, DEBUGGING, OCTETS
 13 .debug_str        00002402  00000000  00000000  00002558  2**0  CONTENTS, READONLY, DEBUGGING, OCTETS
 14 .debug_ranges     00000020  00000000  00000000  0000495a  2**0  CONTENTS, READONLY, DEBUGGING, OCTETS
 15 .debug_macro      000006ff  00000000  00000000  0000497a  2**0  CONTENTS, READONLY, DEBUGGING, OCTETS
 16 .debug_frame      00000078  00000000  00000000  0000507c  2**2  CONTENTS, READONLY, DEBUGGING, OCTETS
SYMBOL TABLE:
00000000 l    d  .text	00000000 .text
00000084 l    d  .text.mul	00000000 .text.mul
00000108 l    d  .text.i_sqrt	00000000 .text.i_sqrt
00000160 l    d  .text.main	00000000 .text.main
00010000 l    d  .data.U	00000000 .data.U
00010014 l    d  .data.V	00000000 .data.V
00010028 l    d  .sbss.mayor_u	00000000 .sbss.mayor_u
00000000 l    d  .riscv.attributes	00000000 .riscv.attributes
00000000 l    d  .comment	00000000 .comment
00000000 l    d  .debug_line	00000000 .debug_line
00000000 l    d  .debug_info	00000000 .debug_info
00000000 l    d  .debug_abbrev	00000000 .debug_abbrev
00000000 l    d  .debug_aranges	00000000 .debug_aranges
00000000 l    d  .debug_str	00000000 .debug_str
00000000 l    d  .debug_ranges	00000000 .debug_ranges
00000000 l    d  .debug_macro	00000000 .debug_macro
00000000 l    d  .debug_frame	00000000 .debug_frame
00000000 l    df *ABS*	00000000 ./fun_asm.o
00000030 l       .text	00000000 for
00000058 l       .text	00000000 fin_for
00000000 l    df *ABS*	00000000 pr4.c
00000008 g       .text	00000000 eucl_dist
00000108 g     F .text.i_sqrt	00000058 i_sqrt
00010014 g     O .data.V	00000014 V
00000084 g     F .text.mul	00000084 mul
00000160 g     F .text.main	00000064 main
00010028 g     O .sbss.mayor_u	00000001 mayor_u
00010000 g     O .data.U	00000014 U
00020000 g       *ABS*	00000000 _stack
0000007c g       .text	00000000 guardar



Disassembly of section .text:

00000000 <eucl_dist-0x8>:
C:\EclipseRV\FC2practicasWS\FC2practicasWS\pr4\Debug/../fun_asm.asm:29
.global eucl_dist
.global guardar

.text

la sp,_stack // se carga la direccion de memoria de la pila
   0:	00020117          	auipc	sp,0x20
   4:	00010113          	mv	sp,sp

00000008 <eucl_dist>:
eucl_dist():
C:\EclipseRV\FC2practicasWS\FC2practicasWS\pr4\Debug/../fun_asm.asm:35


//int eucl_dist(int * w, int size);
eucl_dist:
	//Prologo
	addi sp, sp, -20
   8:	fec10113          	addi	sp,sp,-20 # 1ffec <mayor_u+0xffc4>
C:\EclipseRV\FC2practicasWS\FC2practicasWS\pr4\Debug/../fun_asm.asm:36
	sw ra, 16(sp)
   c:	00112823          	sw	ra,16(sp)
C:\EclipseRV\FC2practicasWS\FC2practicasWS\pr4\Debug/../fun_asm.asm:37
	sw s1, 12(sp)
  10:	00912623          	sw	s1,12(sp)
C:\EclipseRV\FC2practicasWS\FC2practicasWS\pr4\Debug/../fun_asm.asm:38
	sw s2, 8(sp)
  14:	01212423          	sw	s2,8(sp)
C:\EclipseRV\FC2practicasWS\FC2practicasWS\pr4\Debug/../fun_asm.asm:39
	sw s3, 4(sp)
  18:	01312223          	sw	s3,4(sp)
C:\EclipseRV\FC2practicasWS\FC2practicasWS\pr4\Debug/../fun_asm.asm:40
	sw s4, 0(sp)
  1c:	01412023          	sw	s4,0(sp)
C:\EclipseRV\FC2practicasWS\FC2practicasWS\pr4\Debug/../fun_asm.asm:46

	//recibo dirección de W en a0, y tamaño N en a1
    //realizo los cálculos pertinentes
    //devuelvo el resultado en a0

	mv s1, a0 // en a0 guardo la direccion de W
  20:	00050493          	mv	s1,a0
C:\EclipseRV\FC2practicasWS\FC2practicasWS\pr4\Debug/../fun_asm.asm:47
	mv s2, a1 //en a1 guardo el tamaño N = 5
  24:	00058913          	mv	s2,a1
C:\EclipseRV\FC2practicasWS\FC2practicasWS\pr4\Debug/../fun_asm.asm:48
	li s3, 0 // en s3 cargo el inmediato 0 que va a ser el acc = 0
  28:	00000993          	li	s3,0
C:\EclipseRV\FC2practicasWS\FC2practicasWS\pr4\Debug/../fun_asm.asm:49
	li s4,0 //en s4 cargo el inmediato 0 que va a ser i=0
  2c:	00000a13          	li	s4,0

00000030 <for>:
for():
C:\EclipseRV\FC2practicasWS\FC2practicasWS\pr4\Debug/../fun_asm.asm:56
for:
	// for(int i = 0; i < N; i++){ -> el i = 0 ya se ha declarado previamente, igual que el acc = 0
	//		acc += mul(w[i], w[i])
	// }

	bge s4, s2, fin_for // salta a finfor si i es mayor o igual que N
  30:	032a5463          	bge	s4,s2,58 <fin_for>
C:\EclipseRV\FC2practicasWS\FC2practicasWS\pr4\Debug/../fun_asm.asm:58

	slli t1, s4, 2 //i*4 porque cada int ocupa 4 bytes
  34:	002a1313          	slli	t1,s4,0x2
C:\EclipseRV\FC2practicasWS\FC2practicasWS\pr4\Debug/../fun_asm.asm:59
	add t2, s1, t1 // en t2 guardo la direccion de w[i]
  38:	006483b3          	add	t2,s1,t1
C:\EclipseRV\FC2practicasWS\FC2practicasWS\pr4\Debug/../fun_asm.asm:60
	lw t3, 0(t2) // en t3 guardo el valor de W[i]
  3c:	0003ae03          	lw	t3,0(t2)
C:\EclipseRV\FC2practicasWS\FC2practicasWS\pr4\Debug/../fun_asm.asm:62

	mv a0, t3 // en a0 guardo el valor de t3
  40:	000e0513          	mv	a0,t3
C:\EclipseRV\FC2practicasWS\FC2practicasWS\pr4\Debug/../fun_asm.asm:63
	mv a1, t3  // en a1 guardo el valor de t3
  44:	000e0593          	mv	a1,t3
C:\EclipseRV\FC2practicasWS\FC2practicasWS\pr4\Debug/../fun_asm.asm:65

	call mul  //Llamar a mul
  48:	03c000ef          	jal	ra,84 <mul>
C:\EclipseRV\FC2practicasWS\FC2practicasWS\pr4\Debug/../fun_asm.asm:67

	add s3, s3, a0 // se realiza -> acc += mul(w[i], w[i])
  4c:	00a989b3          	add	s3,s3,a0
C:\EclipseRV\FC2practicasWS\FC2practicasWS\pr4\Debug/../fun_asm.asm:68
	addi s4, s4, 1 //i++
  50:	001a0a13          	addi	s4,s4,1
C:\EclipseRV\FC2practicasWS\FC2practicasWS\pr4\Debug/../fun_asm.asm:69
	j for
  54:	fddff06f          	j	30 <for>

00000058 <fin_for>:
fin_for():
C:\EclipseRV\FC2practicasWS\FC2practicasWS\pr4\Debug/../fun_asm.asm:72

fin_for:
	mv a0, s3 // se devuelve el resultado a a0
  58:	00098513          	mv	a0,s3
C:\EclipseRV\FC2practicasWS\FC2practicasWS\pr4\Debug/../fun_asm.asm:73
	call i_sqrt // Llamar a i_sqrt
  5c:	0ac000ef          	jal	ra,108 <i_sqrt>
C:\EclipseRV\FC2practicasWS\FC2practicasWS\pr4\Debug/../fun_asm.asm:77


	//Epilogo
	lw ra, 16(sp)
  60:	01012083          	lw	ra,16(sp)
C:\EclipseRV\FC2practicasWS\FC2practicasWS\pr4\Debug/../fun_asm.asm:78
	lw s1, 12(sp)
  64:	00c12483          	lw	s1,12(sp)
C:\EclipseRV\FC2practicasWS\FC2practicasWS\pr4\Debug/../fun_asm.asm:79
	lw s2, 8(sp)
  68:	00812903          	lw	s2,8(sp)
C:\EclipseRV\FC2practicasWS\FC2practicasWS\pr4\Debug/../fun_asm.asm:80
	lw s3, 4(sp)
  6c:	00412983          	lw	s3,4(sp)
C:\EclipseRV\FC2practicasWS\FC2practicasWS\pr4\Debug/../fun_asm.asm:81
	lw s4, 0(sp)
  70:	00012a03          	lw	s4,0(sp)
C:\EclipseRV\FC2practicasWS\FC2practicasWS\pr4\Debug/../fun_asm.asm:82
	addi sp, sp, 20
  74:	01410113          	addi	sp,sp,20
C:\EclipseRV\FC2practicasWS\FC2practicasWS\pr4\Debug/../fun_asm.asm:84

	ret
  78:	00008067          	ret

0000007c <guardar>:
guardar():
C:\EclipseRV\FC2practicasWS\FC2practicasWS\pr4\Debug/../fun_asm.asm:90

//int guardar(char valor, char * ubicacion);
guardar:
    //recibo el valor en a0, y la dirección destino en a1
    //asegurarse que sólo se guarda UN BYTE!!
    sb a0, 0(a1)
  7c:	00a58023          	sb	a0,0(a1)
C:\EclipseRV\FC2practicasWS\FC2practicasWS\pr4\Debug/../fun_asm.asm:91
    ret
  80:	00008067          	ret

Disassembly of section .text.mul:

00000084 <mul>:
mul():
C:\EclipseRV\FC2practicasWS\FC2practicasWS\pr4\Debug/../pr4.c:33
extern int guardar(char valor, char *ubicacion);

/**
 * Función simple que multiplica dos números iterativamente
 */
int mul(int a, int b) {
  84:	fd010113          	addi	sp,sp,-48
  88:	02812623          	sw	s0,44(sp)
  8c:	03010413          	addi	s0,sp,48
  90:	fca42e23          	sw	a0,-36(s0)
  94:	fcb42c23          	sw	a1,-40(s0)
C:\EclipseRV\FC2practicasWS\FC2practicasWS\pr4\Debug/../pr4.c:34
	int res = 0, sign = 0;
  98:	fe042623          	sw	zero,-20(s0)
  9c:	fe042423          	sw	zero,-24(s0)
C:\EclipseRV\FC2practicasWS\FC2practicasWS\pr4\Debug/../pr4.c:35
	if (a < 0) {
  a0:	fdc42783          	lw	a5,-36(s0)
  a4:	0207d663          	bgez	a5,d0 <mul+0x4c>
C:\EclipseRV\FC2practicasWS\FC2practicasWS\pr4\Debug/../pr4.c:36
		sign = 1;
  a8:	00100793          	li	a5,1
  ac:	fef42423          	sw	a5,-24(s0)
C:\EclipseRV\FC2practicasWS\FC2practicasWS\pr4\Debug/../pr4.c:37
		a = -a;
  b0:	fdc42783          	lw	a5,-36(s0)
  b4:	40f007b3          	neg	a5,a5
  b8:	fcf42e23          	sw	a5,-36(s0)
C:\EclipseRV\FC2practicasWS\FC2practicasWS\pr4\Debug/../pr4.c:39
	}
	while (a--) res += b;
  bc:	0140006f          	j	d0 <mul+0x4c>
C:\EclipseRV\FC2practicasWS\FC2practicasWS\pr4\Debug/../pr4.c:39 (discriminator 2)
  c0:	fec42703          	lw	a4,-20(s0)
  c4:	fd842783          	lw	a5,-40(s0)
  c8:	00f707b3          	add	a5,a4,a5
  cc:	fef42623          	sw	a5,-20(s0)
C:\EclipseRV\FC2practicasWS\FC2practicasWS\pr4\Debug/../pr4.c:39 (discriminator 1)
  d0:	fdc42783          	lw	a5,-36(s0)
  d4:	fff78713          	addi	a4,a5,-1
  d8:	fce42e23          	sw	a4,-36(s0)
  dc:	fe0792e3          	bnez	a5,c0 <mul+0x3c>
C:\EclipseRV\FC2practicasWS\FC2practicasWS\pr4\Debug/../pr4.c:40
	if (sign)
  e0:	fe842783          	lw	a5,-24(s0)
  e4:	00078863          	beqz	a5,f4 <mul+0x70>
C:\EclipseRV\FC2practicasWS\FC2practicasWS\pr4\Debug/../pr4.c:41
		return -res;
  e8:	fec42783          	lw	a5,-20(s0)
  ec:	40f007b3          	neg	a5,a5
  f0:	0080006f          	j	f8 <mul+0x74>
C:\EclipseRV\FC2practicasWS\FC2practicasWS\pr4\Debug/../pr4.c:43
	else
		return res;
  f4:	fec42783          	lw	a5,-20(s0)
C:\EclipseRV\FC2practicasWS\FC2practicasWS\pr4\Debug/../pr4.c:44
}
  f8:	00078513          	mv	a0,a5
  fc:	02c12403          	lw	s0,44(sp)
 100:	03010113          	addi	sp,sp,48
 104:	00008067          	ret

Disassembly of section .text.i_sqrt:

00000108 <i_sqrt>:
i_sqrt():
C:\EclipseRV\FC2practicasWS\FC2practicasWS\pr4\Debug/../pr4.c:49

/**
 * Función simple que obtiene la raíz cuadrada iterativamente
 */
int i_sqrt(int a) {
 108:	fd010113          	addi	sp,sp,-48
 10c:	02112623          	sw	ra,44(sp)
 110:	02812423          	sw	s0,40(sp)
 114:	03010413          	addi	s0,sp,48
 118:	fca42e23          	sw	a0,-36(s0)
C:\EclipseRV\FC2practicasWS\FC2practicasWS\pr4\Debug/../pr4.c:50
	int root = 0;
 11c:	fe042623          	sw	zero,-20(s0)
C:\EclipseRV\FC2practicasWS\FC2practicasWS\pr4\Debug/../pr4.c:51
	while (mul(root, root) < a) {
 120:	0100006f          	j	130 <i_sqrt+0x28>
C:\EclipseRV\FC2practicasWS\FC2practicasWS\pr4\Debug/../pr4.c:52
		root++;
 124:	fec42783          	lw	a5,-20(s0)
 128:	00178793          	addi	a5,a5,1
 12c:	fef42623          	sw	a5,-20(s0)
C:\EclipseRV\FC2practicasWS\FC2practicasWS\pr4\Debug/../pr4.c:51
	while (mul(root, root) < a) {
 130:	fec42583          	lw	a1,-20(s0)
 134:	fec42503          	lw	a0,-20(s0)
 138:	f4dff0ef          	jal	ra,84 <mul>
 13c:	00050713          	mv	a4,a0
 140:	fdc42783          	lw	a5,-36(s0)
 144:	fef740e3          	blt	a4,a5,124 <i_sqrt+0x1c>
C:\EclipseRV\FC2practicasWS\FC2practicasWS\pr4\Debug/../pr4.c:54
	}
	return root;
 148:	fec42783          	lw	a5,-20(s0)
C:\EclipseRV\FC2practicasWS\FC2practicasWS\pr4\Debug/../pr4.c:55
}
 14c:	00078513          	mv	a0,a5
 150:	02c12083          	lw	ra,44(sp)
 154:	02812403          	lw	s0,40(sp)
 158:	03010113          	addi	sp,sp,48
 15c:	00008067          	ret

Disassembly of section .text.main:

00000160 <main>:
main():
C:\EclipseRV\FC2practicasWS\FC2practicasWS\pr4\Debug/../pr4.c:66
extern int eucl_dist(int *w, int size);

/**
 * Punto de entrada al programa
 */
void main() {
 160:	fe010113          	addi	sp,sp,-32
 164:	00112e23          	sw	ra,28(sp)
 168:	00812c23          	sw	s0,24(sp)
 16c:	02010413          	addi	s0,sp,32
C:\EclipseRV\FC2practicasWS\FC2practicasWS\pr4\Debug/../pr4.c:68
	//calculamos la distancia euclídea al origen
	int d_u = eucl_dist(U, N);
 170:	00500593          	li	a1,5
 174:	000107b7          	lui	a5,0x10
 178:	00078513          	mv	a0,a5
 17c:	e8dff0ef          	jal	ra,8 <eucl_dist>
 180:	fea42623          	sw	a0,-20(s0)
C:\EclipseRV\FC2practicasWS\FC2practicasWS\pr4\Debug/../pr4.c:69
	int d_v = eucl_dist(V, N);
 184:	00500593          	li	a1,5
 188:	000107b7          	lui	a5,0x10
 18c:	01478513          	addi	a0,a5,20 # 10014 <V>
 190:	e79ff0ef          	jal	ra,8 <eucl_dist>
 194:	fea42423          	sw	a0,-24(s0)
C:\EclipseRV\FC2practicasWS\FC2practicasWS\pr4\Debug/../pr4.c:71
	//vemos si U estaba más lejos
	char mayor = d_u > d_v;
 198:	fec42703          	lw	a4,-20(s0)
 19c:	fe842783          	lw	a5,-24(s0)
 1a0:	00e7a7b3          	slt	a5,a5,a4
 1a4:	0ff7f793          	andi	a5,a5,255
 1a8:	fef403a3          	sb	a5,-25(s0)
C:\EclipseRV\FC2practicasWS\FC2practicasWS\pr4\Debug/../pr4.c:72
	guardar(mayor, &mayor_u);
 1ac:	fe740703          	lb	a4,-25(s0)
 1b0:	000107b7          	lui	a5,0x10
 1b4:	02878593          	addi	a1,a5,40 # 10028 <mayor_u>
 1b8:	00070513          	mv	a0,a4
 1bc:	ec1ff0ef          	jal	ra,7c <guardar>
C:\EclipseRV\FC2practicasWS\FC2practicasWS\pr4\Debug/../pr4.c:74 (discriminator 1)

	while(1); //quedo en un bucle infinito
 1c0:	0000006f          	j	1c0 <main+0x60>
